
abayo@AOshoyemi MINGW64 ~
$ ssh Redadmin@20.106.144.81
Welcome to Ubuntu 20.04.3 LTS (GNU/Linux 5.8.0-1041-azure x86_64)

 * Documentation:  https://help.ubuntu.com
 * Management:     https://landscape.canonical.com
 * Support:        https://ubuntu.com/advantage

  System information as of Sat Sep 11 14:52:25 UTC 2021

  System load:  0.0               Processes:                126
  Usage of /:   9.7% of 28.90GB   Users logged in:          1
  Memory usage: 42%               IPv4 address for docker0: 172.17.0.1
  Swap usage:   0%                IPv4 address for eth0:    10.0.0.4

 * Super-optimized for small spaces - read how we shrank the memory
   footprint of MicroK8s to make it the smallest full K8s around.

   https://ubuntu.com/blog/microk8s-memory-optimisation

1 update can be applied immediately.
To see these additional updates run: apt list --upgradable


Last login: Sat Sep 11 14:05:47 2021 from 184.147.203.233
Redadmin@Jump-Box-Provisioner:~$ sudo docker container list -a
CONTAINER ID   IMAGE                          COMMAND                  CREATED        STATUS                      PORTS     NAMES
0036c9811e29   cyberxsecurity/ansible         "/bin/sh -c /bin/bas…"   37 hours ago   Up 43 minutes                         sharp_johnson
a8372bfaa6b4   cyberxsecurity/ansible         "/bin/sh -c /bin/bas…"   38 hours ago   Exited (127) 38 hours ago             eager_gagarin
6003fbeb4002   cyberxsecurity/ubuntu:bionic   "sh"                     38 hours ago   Exited (0) 38 hours ago               musing_gates
d1586259d0aa   cyberxsecurity/ubuntu:bionic   "bash"                   38 hours ago   Exited (0) 38 hours ago               frosty_jepsen
Redadmin@Jump-Box-Provisioner:~$ sudo docker start container sharp_johnson
Error response from daemon: No such container: container
sharp_johnson
Error: failed to start containers: container
Redadmin@Jump-Box-Provisioner:~$ sudo docker start -i sharp_johnson
^[[A^[[A^[^X^C
--- 10.0.0.5 ping statistics ---
767 packets transmitted, 0 received, 100% packet loss, time 784367ms

root@0036c9811e29:~# ls -l
total 0
root@0036c9811e29:~# ls -A
.bash_history  .bashrc  .cache  .local  .profile  .ssh
root@0036c9811e29:~# cd .ssh
root@0036c9811e29:~/.ssh# ls
id_rsa  id_rsa.pub  known_hosts
root@0036c9811e29:~/.ssh# cat id-rsa.pub
cat: id-rsa.pub: No such file or directory
root@0036c9811e29:~/.ssh# cat id_rsa.pub
ssh-rsa AAAAB3NzaC1yc2EAAAADAQABAAABgQDF3+7Qoy/W9v2I2iG57yTohbgL/veVSYUfx8vmGTTZbfIkRFrSmC4SRzHsaHe3oB94yGX2GiHdjQX1QwWrUiLlXu1JRA0yPm0z2T3Qj5xtszrOv0jZlTFIsvwKbgpXugAGGXHWXS1v1KiXSagFPgvmbiyQWzjGj3RM1ClkbVvG0ZfniulixCc120Sd79mcD4jvjdVRrnyYOwsOtpaJUJzwuV4MaQA+BzAsV4Y9v05COzSoTD4H9KNHJT2onZdKpM/PBqU4o/X5OFqIO9Pq7OCWydoFsumRvDYoB7msmIs3XQb1efqzruygswYwoXWAZoIrBFNzNfpZDkLPlSv6ooQnUksZhddt9GtkuPWFK1sD/GZudlQb/wIWdgklQFu4O8dyYqDwOMK4gQJkUAQ1Ahs3PNESev4nOxk+4SlGrulglxZTp/9GUPIbBOXwEkTPH4bVCv8POEjHD6vG8Y4e4DQsUmRQsS+AMfCZWIyrKrLCNB0X8Vf7cWoBXybDWvmgDm0= root@0036c9811e29
root@0036c9811e29:~/.ssh# cd /etc/ansible/
root@0036c9811e29:/etc/ansible# nano ansible.cfg
root@0036c9811e29:/etc/ansible# nano ansible.cfg
root@0036c9811e29:/etc/ansible# nano /etc/ansible/host
root@0036c9811e29:/etc/ansible# nano host
root@0036c9811e29:/etc/ansible# ls
ansible.cfg  hosts
root@0036c9811e29:/etc/ansible# nano hosts
root@0036c9811e29:/etc/ansible# nano hosts
root@0036c9811e29:/etc/ansible# ansible webservers m -ping
usage: ansible [-h] [--version] [-v] [-b] [--become-method BECOME_METHOD] [--become-user BECOME_USER] [-K] [-i INVENTORY] [--list-hosts] [-l SUBSET] [-P POLL_INTERVAL]
               [-B SECONDS] [-o] [-t TREE] [-k] [--private-key PRIVATE_KEY_FILE] [-u REMOTE_USER] [-c CONNECTION] [-T TIMEOUT] [--ssh-common-args SSH_COMMON_ARGS]
               [--sftp-extra-args SFTP_EXTRA_ARGS] [--scp-extra-args SCP_EXTRA_ARGS] [--ssh-extra-args SSH_EXTRA_ARGS] [-C] [--syntax-check] [-D] [-e EXTRA_VARS]
               [--vault-id VAULT_IDS] [--ask-vault-password | --vault-password-file VAULT_PASSWORD_FILES] [-f FORKS] [-M MODULE_PATH] [--playbook-dir BASEDIR]
               [--task-timeout TASK_TIMEOUT] [-a MODULE_ARGS] [-m MODULE_NAME]
               pattern
ansible: error: unrecognized arguments: m -ping

usage: ansible [-h] [--version] [-v] [-b] [--become-method BECOME_METHOD] [--become-user BECOME_USER] [-K] [-i INVENTORY] [--list-hosts] [-l SUBSET] [-P POLL_INTERVAL]
               [-B SECONDS] [-o] [-t TREE] [-k] [--private-key PRIVATE_KEY_FILE] [-u REMOTE_USER] [-c CONNECTION] [-T TIMEOUT] [--ssh-common-args SSH_COMMON_ARGS]
               [--sftp-extra-args SFTP_EXTRA_ARGS] [--scp-extra-args SCP_EXTRA_ARGS] [--ssh-extra-args SSH_EXTRA_ARGS] [-C] [--syntax-check] [-D] [-e EXTRA_VARS]
               [--vault-id VAULT_IDS] [--ask-vault-password | --vault-password-file VAULT_PASSWORD_FILES] [-f FORKS] [-M MODULE_PATH] [--playbook-dir BASEDIR]
               [--task-timeout TASK_TIMEOUT] [-a MODULE_ARGS] [-m MODULE_NAME]
               pattern

Define and run a single task 'playbook' against a set of hosts

positional arguments:
  pattern               host pattern

optional arguments:
  --ask-vault-password, --ask-vault-pass
                        ask for vault password
  --list-hosts          outputs a list of matching hosts; does not execute anything else
  --playbook-dir BASEDIR
                        Since this tool does not use playbooks, use this as a substitute playbook directory.This sets the relative path for many features including roles/
                        group_vars/ etc.
  --syntax-check        perform a syntax check on the playbook, but do not execute it
  --task-timeout TASK_TIMEOUT
                        set task timeout limit in seconds, must be positive integer.
  --vault-id VAULT_IDS  the vault identity to use
  --vault-password-file VAULT_PASSWORD_FILES, --vault-pass-file VAULT_PASSWORD_FILES
                        vault password file
  --version             show program's version number, config file location, configured module search path, module location, executable location and exit
  -B SECONDS, --background SECONDS
                        run asynchronously, failing after X seconds (default=N/A)
  -C, --check           don't make any changes; instead, try to predict some of the changes that may occur
  -D, --diff            when changing (small) files and templates, show the differences in those files; works great with --check
  -M MODULE_PATH, --module-path MODULE_PATH
                        prepend colon-separated path(s) to module library (default=~/.ansible/plugins/modules:/usr/share/ansible/plugins/modules)
  -P POLL_INTERVAL, --poll POLL_INTERVAL
                        set the poll interval if using -B (default=15)
  -a MODULE_ARGS, --args MODULE_ARGS
                        The action's options in space separated k=v format: -a 'opt1=val1 opt2=val2'
  -e EXTRA_VARS, --extra-vars EXTRA_VARS
                        set additional variables as key=value or YAML/JSON, if filename prepend with @
  -f FORKS, --forks FORKS
                        specify number of parallel processes to use (default=5)
  -h, --help            show this help message and exit
  -i INVENTORY, --inventory INVENTORY, --inventory-file INVENTORY
                        specify inventory host path or comma separated host list. --inventory-file is deprecated
  -l SUBSET, --limit SUBSET
                        further limit selected hosts to an additional pattern
  -m MODULE_NAME, --module-name MODULE_NAME
                        Name of the action to execute (default=command)
  -o, --one-line        condense output
  -t TREE, --tree TREE  log output to this directory
  -v, --verbose         verbose mode (-vvv for more, -vvvv to enable connection debugging)

Privilege Escalation Options:
  control how and which user you become as on target hosts

  --become-method BECOME_METHOD
                        privilege escalation method to use (default=sudo), use `ansible-doc -t become -l` to list valid choices.
  --become-user BECOME_USER
                        run operations as this user (default=root)
  -K, --ask-become-pass
                        ask for privilege escalation password
  -b, --become          run operations with become (does not imply password prompting)

Connection Options:
  control as whom and how to connect to hosts

  --private-key PRIVATE_KEY_FILE, --key-file PRIVATE_KEY_FILE
                        use this file to authenticate the connection
  --scp-extra-args SCP_EXTRA_ARGS
                        specify extra arguments to pass to scp only (e.g. -l)
  --sftp-extra-args SFTP_EXTRA_ARGS
                        specify extra arguments to pass to sftp only (e.g. -f, -l)
  --ssh-common-args SSH_COMMON_ARGS
                        specify common arguments to pass to sftp/scp/ssh (e.g. ProxyCommand)
  --ssh-extra-args SSH_EXTRA_ARGS
                        specify extra arguments to pass to ssh only (e.g. -R)
  -T TIMEOUT, --timeout TIMEOUT
                        override the connection timeout in seconds (default=10)
  -c CONNECTION, --connection CONNECTION
                        connection type to use (default=smart)
  -k, --ask-pass        ask for connection password
  -u REMOTE_USER, --user REMOTE_USER
                        connect as this user (default=sysadmin)

Some actions do not make sense in Ad-Hoc (include, meta, etc)
root@0036c9811e29:/etc/ansible# ansible webservers -m ping
10.0.0.5 | SUCCESS => {
    "changed": false,
    "ping": "pong"
}
10.0.0.6 | SUCCESS => {
    "changed": false,
    "ping": "pong"
}
root@0036c9811e29:/etc/ansible# ping 10.0.0.5
PING 10.0.0.5 (10.0.0.5) 56(84) bytes of data.
^C
--- 10.0.0.5 ping statistics ---
1419 packets transmitted, 0 received, 100% packet loss, time 1452032ms

root@0036c9811e29:/etc/ansible# nano installdvwa.yml
root@0036c9811e29:/etc/ansible# ssh sysadmin@10.0.0.5
Welcome to Ubuntu 20.04.3 LTS (GNU/Linux 5.8.0-1041-azure x86_64)

 * Documentation:  https://help.ubuntu.com
 * Management:     https://landscape.canonical.com
 * Support:        https://ubuntu.com/advantage

  System information as of Sat Sep 11 16:29:53 UTC 2021

  System load:  0.0               Processes:             115
  Usage of /:   5.1% of 28.90GB   Users logged in:       0
  Memory usage: 13%               IPv4 address for eth0: 10.0.0.5
  Swap usage:   0%

 * Super-optimized for small spaces - read how we shrank the memory
   footprint of MicroK8s to make it the smallest full K8s around.

   https://ubuntu.com/blog/microk8s-memory-optimisation

1 update can be applied immediately.
To see these additional updates run: apt list --upgradable


Last login: Sat Sep 11 15:27:24 2021 from 10.0.0.4
To run a command as administrator (user "root"), use "sudo <command>".
See "man sudo_root" for details.

sysadmin@Web-1:~$ pwd
/home/sysadmin
sysadmin@Web-1:~$ exit
logout
Connection to 10.0.0.5 closed.
root@0036c9811e29:/etc/ansible# nana installdvwa.yml
bash: nana: command not found
root@0036c9811e29:/etc/ansible# cat installdvwa.yml
---
- name: Config web vm with docker
  hosts: webservers
  become: true
  tasks:

  - name: install docker
    apt:
      update_cache: yes
      name: docker.io
      state: present

  - name: install pip3
    apt:
      name: python3-pip
      state: present

  - name: Insatll Docker python module
    pip:
      name: docker
      state: present

  - name: download and launch a docker web container
    docker_container:
      name: dvwa
      image: cybersecurity/dvwa
      state: started
      restart_policy: always
      published_ports: 80:80
  - name: Enable docker service
    systemd:
      name: docker

root@0036c9811e29:/etc/ansible# ssh sysadmin@10.0.0.5
Welcome to Ubuntu 20.04.3 LTS (GNU/Linux 5.8.0-1041-azure x86_64)

 * Documentation:  https://help.ubuntu.com
 * Management:     https://landscape.canonical.com
 * Support:        https://ubuntu.com/advantage

  System information as of Sat Sep 11 16:31:52 UTC 2021

  System load:  0.0               Processes:             115
  Usage of /:   5.1% of 28.90GB   Users logged in:       0
  Memory usage: 13%               IPv4 address for eth0: 10.0.0.5
  Swap usage:   0%

 * Super-optimized for small spaces - read how we shrank the memory
   footprint of MicroK8s to make it the smallest full K8s around.

   https://ubuntu.com/blog/microk8s-memory-optimisation

1 update can be applied immediately.
To see these additional updates run: apt list --upgradable


Last login: Sat Sep 11 16:29:53 2021 from 10.0.0.4
To run a command as administrator (user "root"), use "sudo <command>".
See "man sudo_root" for details.

sysadmin@Web-1:~$ nano installdvwa1.yml
sysadmin@Web-1:~$ ansible-playbook installdvwa1.yml

Command 'ansible-playbook' not found, but can be installed with:

sudo apt install ansible

sysadmin@Web-1:~$ exit
logout
Connection to 10.0.0.5 closed.
root@0036c9811e29:/etc/ansible# ping 10.0.0.5
PING 10.0.0.5 (10.0.0.5) 56(84) bytes of data.
64 bytes from 10.0.0.5: icmp_seq=52 ttl=63 time=1.10 ms
64 bytes from 10.0.0.5: icmp_seq=53 ttl=63 time=1.23 ms
64 bytes from 10.0.0.5: icmp_seq=54 ttl=63 time=1.08 ms
64 bytes from 10.0.0.5: icmp_seq=55 ttl=63 time=1.20 ms
64 bytes from 10.0.0.5: icmp_seq=56 ttl=63 time=1.39 ms
64 bytes from 10.0.0.5: icmp_seq=57 ttl=63 time=1.19 ms
64 bytes from 10.0.0.5: icmp_seq=58 ttl=63 time=1.38 ms
64 bytes from 10.0.0.5: icmp_seq=59 ttl=63 time=1.52 ms
64 bytes from 10.0.0.5: icmp_seq=60 ttl=63 time=2.22 ms
64 bytes from 10.0.0.5: icmp_seq=61 ttl=63 time=1.47 ms
64 bytes from 10.0.0.5: icmp_seq=62 ttl=63 time=1.13 ms
64 bytes from 10.0.0.5: icmp_seq=63 ttl=63 time=1.13 ms
64 bytes from 10.0.0.5: icmp_seq=64 ttl=63 time=0.991 ms
64 bytes from 10.0.0.5: icmp_seq=65 ttl=63 time=1.15 ms
64 bytes from 10.0.0.5: icmp_seq=66 ttl=63 time=1.78 ms
64 bytes from 10.0.0.5: icmp_seq=67 ttl=63 time=1.88 ms
64 bytes from 10.0.0.5: icmp_seq=68 ttl=63 time=1.35 ms
64 bytes from 10.0.0.5: icmp_seq=69 ttl=63 time=1.32 ms
64 bytes from 10.0.0.5: icmp_seq=70 ttl=63 time=1.92 ms
64 bytes from 10.0.0.5: icmp_seq=71 ttl=63 time=1.63 ms
64 bytes from 10.0.0.5: icmp_seq=72 ttl=63 time=0.942 ms
64 bytes from 10.0.0.5: icmp_seq=73 ttl=63 time=1.59 ms
64 bytes from 10.0.0.5: icmp_seq=74 ttl=63 time=1.71 ms
64 bytes from 10.0.0.5: icmp_seq=75 ttl=63 time=1.43 ms
64 bytes from 10.0.0.5: icmp_seq=76 ttl=63 time=1.32 ms
64 bytes from 10.0.0.5: icmp_seq=77 ttl=63 time=1.59 ms
64 bytes from 10.0.0.5: icmp_seq=78 ttl=63 time=1.14 ms
64 bytes from 10.0.0.5: icmp_seq=79 ttl=63 time=1.02 ms
64 bytes from 10.0.0.5: icmp_seq=80 ttl=63 time=1.09 ms
64 bytes from 10.0.0.5: icmp_seq=81 ttl=63 time=1.77 ms
^C
--- 10.0.0.5 ping statistics ---
81 packets transmitted, 30 received, 62.963% packet loss, time 81254ms
rtt min/avg/max/mdev = 0.942/1.388/2.215/0.310 ms
root@0036c9811e29:/etc/ansible# ping 10.0.0.6
PING 10.0.0.6 (10.0.0.6) 56(84) bytes of data.
64 bytes from 10.0.0.6: icmp_seq=1 ttl=63 time=1.14 ms
64 bytes from 10.0.0.6: icmp_seq=2 ttl=63 time=1.17 ms
64 bytes from 10.0.0.6: icmp_seq=3 ttl=63 time=1.13 ms
64 bytes from 10.0.0.6: icmp_seq=4 ttl=63 time=1.08 ms
64 bytes from 10.0.0.6: icmp_seq=5 ttl=63 time=1.15 ms
64 bytes from 10.0.0.6: icmp_seq=6 ttl=63 time=0.918 ms
^C
--- 10.0.0.6 ping statistics ---
6 packets transmitted, 6 received, 0% packet loss, time 5006ms
rtt min/avg/max/mdev = 0.918/1.096/1.165/0.084 ms
root@0036c9811e29:/etc/ansible# ls - A
ls: cannot access '-': No such file or directory
ls: cannot access 'A': No such file or directory
root@0036c9811e29:/etc/ansible# ls -A
ansible.cfg  hosts  installdvwa.yml
root@0036c9811e29:/etc/ansible# nano installdvwa.yml
root@0036c9811e29:/etc/ansible# ansible-playbook installdvwa.yml
[WARNING]: ansible.utils.display.initialize_locale has not been called, this may result in incorrectly calculated text widths that can cause Display to print incorrect line lengths

PLAY [Config web vm with docker] **********************************************************************************************************************************************************************************
TASK [Gathering Facts] ********************************************************************************************************************************************************************************************ok: [10.0.0.5]
ok: [10.0.0.6]

TASK [install docker] *********************************************************************************************************************************************************************************************changed: [10.0.0.5]
changed: [10.0.0.6]

TASK [install pip3] ***********************************************************************************************************************************************************************************************changed: [10.0.0.5]
changed: [10.0.0.6]

TASK [Insatll Docker python module] *******************************************************************************************************************************************************************************changed: [10.0.0.5]
changed: [10.0.0.6]

TASK [download and launch a docker web container] *****************************************************************************************************************************************************************[DEPRECATION WARNING]: The container_default_behavior option will change its default value from "compatibility" to "no_defaults" in community.docker 2.0.0. To remove this warning, please specify an explicit
value for it now. This feature will be removed from community.docker in version 2.0.0. Deprecation warnings can be disabled by setting deprecation_warnings=False in ansible.cfg.
fatal: [10.0.0.5]: FAILED! => {"changed": false, "msg": "Error pulling image cybersecurity/dvwa:latest - 404 Client Error for http+docker://localhost/v1.41/images/create?tag=latest&fromImage=cybersecurity%2Fdvwa: Not Found (\"pull access denied for cybersecurity/dvwa, repository does not exist or may require 'docker login': denied: requested access to the resource is denied\")"}
fatal: [10.0.0.6]: FAILED! => {"changed": false, "msg": "Error pulling image cybersecurity/dvwa:latest - 404 Client Error for http+docker://localhost/v1.41/images/create?tag=latest&fromImage=cybersecurity%2Fdvwa: Not Found (\"pull access denied for cybersecurity/dvwa, repository does not exist or may require 'docker login': denied: requested access to the resource is denied\")"}

PLAY RECAP ********************************************************************************************************************************************************************************************************10.0.0.5                   : ok=4    changed=3    unreachable=0    failed=1    skipped=0    rescued=0    ignored=0
10.0.0.6                   : ok=4    changed=3    unreachable=0    failed=1    skipped=0    rescued=0    ignored=0

root@0036c9811e29:/etc/ansible# nano installdvwa.yml
root@0036c9811e29:/etc/ansible# ansible-playbook installdvwa.yml
[WARNING]: ansible.utils.display.initialize_locale has not been called, this may result in incorrectly calculated text widths that can cause
Display to print incorrect line lengths

PLAY [Config web vm with docker] ***************************************************************************************************************

TASK [Gathering Facts] *************************************************************************************************************************
ok: [10.0.0.5]
ok: [10.0.0.6]

TASK [install docker] **************************************************************************************************************************
ok: [10.0.0.5]
ok: [10.0.0.6]

TASK [install pip3] ****************************************************************************************************************************
ok: [10.0.0.5]
ok: [10.0.0.6]

TASK [Insatll Docker python module] ************************************************************************************************************
ok: [10.0.0.5]
ok: [10.0.0.6]

TASK [download and launch a docker web container] **********************************************************************************************
[DEPRECATION WARNING]: The container_default_behavior option will change its default value from "compatibility" to "no_defaults" in
community.docker 2.0.0. To remove this warning, please specify an explicit value for it now. This feature will be removed from community.docker
 in version 2.0.0. Deprecation warnings can be disabled by setting deprecation_warnings=False in ansible.cfg.
changed: [10.0.0.5]
changed: [10.0.0.6]

TASK [Enable docker service] *******************************************************************************************************************
ok: [10.0.0.5]
ok: [10.0.0.6]

PLAY RECAP *************************************************************************************************************************************
10.0.0.5                   : ok=6    changed=1    unreachable=0    failed=0    skipped=0    rescued=0    ignored=0
10.0.0.6                   : ok=6    changed=1    unreachable=0    failed=0    skipped=0    rescued=0    ignored=0

root@0036c9811e29:/etc/ansible# ssh sysadmin@10.0.0.5
Welcome to Ubuntu 20.04.3 LTS (GNU/Linux 5.8.0-1041-azure x86_64)

 * Documentation:  https://help.ubuntu.com
 * Management:     https://landscape.canonical.com
 * Support:        https://ubuntu.com/advantage

 System information disabled due to load higher than 1.0

 * Super-optimized for small spaces - read how we shrank the memory
   footprint of MicroK8s to make it the smallest full K8s around.

   https://ubuntu.com/blog/microk8s-memory-optimisation

1 update can be applied immediately.
To see these additional updates run: apt list --upgradable


Last login: Sat Sep 11 17:49:54 2021 from 10.0.0.4
sysadmin@Web-1:~$ curl localhost/setup.php
<!DOCTYPE html>

<html lang="en-GB">

        <head>
                <meta http-equiv="Content-Type" content="text/html; charset=UTF-8" />

                <title>Setup :: Damn Vulnerable Web Application (DVWA) v1.10 *Development*</title>

                <link rel="stylesheet" type="text/css" href="dvwa/css/main.css" />

                <link rel="icon" type="\image/ico" href="favicon.ico" />

                <script type="text/javascript" src="dvwa/js/dvwaPage.js"></script>

        </head>

        <body class="home">
                <div id="container">

                        <div id="header">

                                <img src="dvwa/images/logo.png" alt="Damn Vulnerable Web Application" />

                        </div>

                        <div id="main_menu">

                                <div id="main_menu_padded">
                                <ul class="menuBlocks"><li class="selected"><a href="setup.php">Setup DVWA</a></li>
<li class=""><a href="instructions.php">Instructions</a></li>
</ul><ul class="menuBlocks"><li class=""><a href="about.php">About</a></li>
</ul>
                                </div>

                        </div>

                        <div id="main_body">


<div class="body_padded">
        <h1>Database Setup <img src="dvwa/images/spanner.png" /></h1>

        <p>Click on the 'Create / Reset Database' button below to create or reset your database.<br />
        If you get an error make sure you have the correct user credentials in: <em>/var/www/html/config/config.inc.php</em></p>

        <p>If the database already exists, <em>it will be cleared and the data will be reset</em>.<br />
        You can also use this to reset the administrator credentials ("<em>admin</em> // <em>password</em>") at any stage.</p>
        <hr />
        <br />

        <h2>Setup Check</h2>

        Operating system: <em>*nix</em><br />
        Backend database: <em>MySQL</em><br />
        PHP version: <em>7.0.33-0+deb9u10</em><br />
        <br />
        Web Server SERVER_NAME: <em>localhost</em><br />
        <br />
        PHP function display_errors: <em>Disabled</em><br />
        PHP function safe_mode: <span class="success">Disabled</span><br/ >
        PHP function allow_url_include: <span class="success">Enabled</span><br/ >
        PHP function allow_url_fopen: <span class="success">Enabled</span><br />
        PHP function magic_quotes_gpc: <span class="success">Disabled</span><br />
        PHP module gd: <span class="success">Installed</span><br />
        PHP module mysql: <span class="success">Installed</span><br />
        PHP module pdo_mysql: <span class="success">Installed</span><br />
        <br />
        MySQL username: <em>app</em><br />
        MySQL password: <em>******</em><br />
        MySQL database: <em>dvwa</em><br />
        MySQL host: <em>127.0.0.1</em><br />
        <br />
        reCAPTCHA key: <span class="failure">Missing</span><br />
        <br />
        [User: www-data] Writable folder /var/www/html/hackable/uploads/: <span class="success">Yes</span><br />
        [User: www-data] Writable file /var/www/html/external/phpids/0.6/lib/IDS/tmp/phpids_log.txt: <span class="success">Yes</span><br />
        <br />
        <br />
        [User: www-data] Writable folder /var/www/html/config: <span class="success">Yes</span>
        <br />
        <i><span class="failure">Status in red</span>, indicate there will be an issue when trying to complete some modules.</i><br />
        <br />
        If you see disabled on either <i>allow_url_fopen</i> or <i>allow_url_include</i>, set the following in your php.ini file and restart Apache.<br />
        <pre><code>allow_url_fopen = On
allow_url_include = On</code></pre>
        These are only required for the file inclusion labs so unless you want to play with those, you can ignore them.

        <br /><br /><br />

        <!-- Create db button -->
        <form action="#" method="post">
                <input name="create_db" type="submit" value="Create / Reset Database">
                <input type='hidden' name='user_token' value='b96d0dc459ffee205a54720ccbe8104d' />
        </form>
        <br />
        <hr />
</div>
                                <br /><br />


                        </div>

                        <div class="clear">
                        </div>

                        <div id="system_info">

                        </div>

                        <div id="footer">

                                <p>Damn Vulnerable Web Application (DVWA) v1.10 *Development*</p>
                                <script src='/dvwa/js/add_event_listeners.js'></script>

                        </div>

                </div>

        </body>

</html>sysadmin@Web-1:~$ exit
logout
Connection to 10.0.0.5 closed.
root@0036c9811e29:/etc/ansible# ping 10.0.0.5
PING 10.0.0.5 (10.0.0.5) 56(84) bytes of data.
64 bytes from 10.0.0.5: icmp_seq=1 ttl=63 time=0.934 ms
64 bytes from 10.0.0.5: icmp_seq=2 ttl=63 time=0.992 ms
64 bytes from 10.0.0.5: icmp_seq=3 ttl=63 time=1.14 ms
64 bytes from 10.0.0.5: icmp_seq=4 ttl=63 time=1.22 ms
^C
--- 10.0.0.5 ping statistics ---
4 packets transmitted, 4 received, 0% packet loss, time 3005ms
rtt min/avg/max/mdev = 0.934/1.070/1.216/0.112 ms
root@0036c9811e29:/etc/ansible# ping 10.0.0.6
PING 10.0.0.6 (10.0.0.6) 56(84) bytes of data.
64 bytes from 10.0.0.6: icmp_seq=1 ttl=63 time=1.06 ms
64 bytes from 10.0.0.6: icmp_seq=2 ttl=63 time=0.872 ms
64 bytes from 10.0.0.6: icmp_seq=3 ttl=63 time=1.30 ms
64 bytes from 10.0.0.6: icmp_seq=4 ttl=63 time=1.14 ms
^C
--- 10.0.0.6 ping statistics ---
4 packets transmitted, 4 received, 0% packet loss, time 3009ms
rtt min/avg/max/mdev = 0.872/1.093/1.301/0.155 ms
root@0036c9811e29:/etc/ansible#
